// Jest Snapshot v1, https://goo.gl/fbAQLP

exports[`<Home /> should render Home page 1`] = `
<div>
  <div
    class="main-container"
  >
    Hello world
  </div>
</div>
`;
